// Jest Snapshot v1, https://goo.gl/fbAQLP

exports[`renders correctly 1`] = `
<View
  style={
    Object {
      "alignItems": "center",
      "bottom": 0,
      "justifyContent": "flex-end",
      "left": 0,
      "position": "absolute",
      "right": 0,
      "top": 0,
    }
  }
>
  <MapView
    customMapStyle={
      Array [
        Object {
          "elementType": "geometry",
          "stylers": Array [
            Object {
              "color": "#1d2c4d",
            },
          ],
        },
        Object {
          "elementType": "labels.text.fill",
          "stylers": Array [
            Object {
              "color": "#8ec3b9",
            },
          ],
        },
        Object {
          "elementType": "labels.text.stroke",
          "stylers": Array [
            Object {
              "color": "#1a3646",
            },
          ],
        },
        Object {
          "elementType": "geometry.stroke",
          "featureType": "administrative.country",
          "stylers": Array [
            Object {
              "color": "#4b6878",
            },
          ],
        },
        Object {
          "elementType": "labels.text.fill",
          "featureType": "administrative.land_parcel",
          "stylers": Array [
            Object {
              "color": "#64779e",
            },
          ],
        },
        Object {
          "elementType": "geometry.stroke",
          "featureType": "administrative.province",
          "stylers": Array [
            Object {
              "color": "#4b6878",
            },
          ],
        },
        Object {
          "elementType": "geometry.stroke",
          "featureType": "landscape.man_made",
          "stylers": Array [
            Object {
              "color": "#334e87",
            },
          ],
        },
        Object {
          "elementType": "geometry",
          "featureType": "landscape.natural",
          "stylers": Array [
            Object {
              "color": "#023e58",
            },
          ],
        },
        Object {
          "elementType": "geometry",
          "featureType": "poi",
          "stylers": Array [
            Object {
              "color": "#283d6a",
            },
          ],
        },
        Object {
          "elementType": "labels.text.fill",
          "featureType": "poi",
          "stylers": Array [
            Object {
              "color": "#6f9ba5",
            },
          ],
        },
        Object {
          "elementType": "labels.text.stroke",
          "featureType": "poi",
          "stylers": Array [
            Object {
              "color": "#1d2c4d",
            },
          ],
        },
        Object {
          "elementType": "geometry.fill",
          "featureType": "poi.park",
          "stylers": Array [
            Object {
              "color": "#023e58",
            },
          ],
        },
        Object {
          "elementType": "labels.text.fill",
          "featureType": "poi.park",
          "stylers": Array [
            Object {
              "color": "#3C7680",
            },
          ],
        },
        Object {
          "elementType": "geometry",
          "featureType": "road",
          "stylers": Array [
            Object {
              "color": "#304a7d",
            },
          ],
        },
        Object {
          "elementType": "labels.text.fill",
          "featureType": "road",
          "stylers": Array [
            Object {
              "color": "#98a5be",
            },
          ],
        },
        Object {
          "elementType": "labels.text.stroke",
          "featureType": "road",
          "stylers": Array [
            Object {
              "color": "#1d2c4d",
            },
          ],
        },
        Object {
          "elementType": "geometry",
          "featureType": "road.highway",
          "stylers": Array [
            Object {
              "color": "#2c6675",
            },
          ],
        },
        Object {
          "elementType": "geometry.stroke",
          "featureType": "road.highway",
          "stylers": Array [
            Object {
              "color": "#255763",
            },
          ],
        },
        Object {
          "elementType": "labels.text.fill",
          "featureType": "road.highway",
          "stylers": Array [
            Object {
              "color": "#b0d5ce",
            },
          ],
        },
        Object {
          "elementType": "labels.text.stroke",
          "featureType": "road.highway",
          "stylers": Array [
            Object {
              "color": "#023e58",
            },
          ],
        },
        Object {
          "elementType": "labels.text.fill",
          "featureType": "transit",
          "stylers": Array [
            Object {
              "color": "#98a5be",
            },
          ],
        },
        Object {
          "elementType": "labels.text.stroke",
          "featureType": "transit",
          "stylers": Array [
            Object {
              "color": "#1d2c4d",
            },
          ],
        },
        Object {
          "elementType": "geometry.fill",
          "featureType": "transit.line",
          "stylers": Array [
            Object {
              "color": "#283d6a",
            },
          ],
        },
        Object {
          "elementType": "geometry",
          "featureType": "transit.station",
          "stylers": Array [
            Object {
              "color": "#3a4762",
            },
          ],
        },
        Object {
          "elementType": "geometry",
          "featureType": "water",
          "stylers": Array [
            Object {
              "color": "#0e1626",
            },
          ],
        },
        Object {
          "elementType": "labels.text.fill",
          "featureType": "water",
          "stylers": Array [
            Object {
              "color": "#4e6d70",
            },
          ],
        },
      ]
    }
    initialRegion={
      Object {
        "latitude": 53.3421508,
        "latitudeDelta": 0.0922,
        "longitude": -6.2535567,
        "longitudeDelta": 0.0421,
      }
    }
    onRegionChange={[Function]}
    region={
      Object {
        "latitude": 53.3421508,
        "latitudeDelta": 0.0922,
        "longitude": -6.2535567,
        "longitudeDelta": 0.0421,
      }
    }
    scrollEnabled={true}
    style={
      Object {
        "bottom": 0,
        "left": 0,
        "position": "absolute",
        "right": 0,
        "top": 0,
      }
    }
    zoomEnabled={true}
  />
  <View
    style={
      Object {
        "alignItems": "center",
        "flexDirection": "column",
        "position": "absolute",
        "top": 20,
        "width": "80%",
      }
    }
  >
    <View
      style={
        Object {
          "backgroundColor": "#E8EAF6",
          "borderRadius": 3,
          "flex": 1,
          "flexDirection": "row",
        }
      }
    >
      <View
        accessibilityComponentType={undefined}
        accessibilityLabel={undefined}
        accessibilityTraits={undefined}
        accessible={true}
        hasTVPreferredFocus={undefined}
        hitSlop={undefined}
        isTVSelectable={true}
        nativeID={undefined}
        onLayout={undefined}
        onResponderGrant={[Function]}
        onResponderMove={[Function]}
        onResponderRelease={[Function]}
        onResponderTerminate={[Function]}
        onResponderTerminationRequest={[Function]}
        onStartShouldSetResponder={[Function]}
        style={
          Object {
            "flex": 1.5,
          }
        }
        testID={undefined}
        tvParallaxProperties={undefined}
      >
        <Text
          accessible={true}
          allowFontScaling={false}
          ellipsizeMode="tail"
          style={
            Array [
              Object {
                "color": undefined,
                "fontSize": 12,
              },
              Object {
                "bottom": 0,
                "color": "#3F51B5",
                "fontSize": 24,
                "left": 0,
                "position": "absolute",
                "right": 0,
                "textAlign": "center",
                "textAlignVertical": "center",
                "top": 0,
              },
              Object {
                "fontFamily": "Material Icons",
                "fontStyle": "normal",
                "fontWeight": "normal",
              },
            ]
          }
        >
          î—’
        </Text>
      </View>
      <View
        style={
          Array [
            Object {
              "flex": 1,
            },
            Object {
              "flex": 7,
            },
          ]
        }
      >
        <View
          style={
            Array [
              Object {
                "backgroundColor": "#C9C9CE",
                "borderBottomColor": "#b5b5b5",
                "borderBottomWidth": 0.5,
                "borderTopColor": "#7e7e7e",
                "borderTopWidth": 0.5,
                "flexDirection": "row",
                "height": 44,
              },
              Object {
                "width": "100%",
              },
            ]
          }
        >
          <TextInput
            allowFontScaling={true}
            autoFocus={false}
            clearButtonMode="while-editing"
            onChangeText={[Function]}
            onFocus={[Function]}
            placeholder="Enter Location"
            placeholderTextColor="#A8A8A8"
            returnKeyType="default"
            style={
              Array [
                Object {
                  "backgroundColor": "#FFFFFF",
                  "borderRadius": 5,
                  "flex": 1,
                  "fontSize": 15,
                  "height": 28,
                  "marginLeft": 8,
                  "marginRight": 8,
                  "marginTop": 7.5,
                  "paddingBottom": 4.5,
                  "paddingLeft": 10,
                  "paddingRight": 10,
                  "paddingTop": 4.5,
                },
                undefined,
              ]
            }
            underlineColorAndroid="transparent"
            value=""
          />
        </View>
      </View>
      <View
        accessibilityComponentType={undefined}
        accessibilityLabel={undefined}
        accessibilityTraits={undefined}
        accessible={true}
        hasTVPreferredFocus={undefined}
        hitSlop={undefined}
        isTVSelectable={true}
        nativeID={undefined}
        onLayout={undefined}
        onResponderGrant={[Function]}
        onResponderMove={[Function]}
        onResponderRelease={[Function]}
        onResponderTerminate={[Function]}
        onResponderTerminationRequest={[Function]}
        onStartShouldSetResponder={[Function]}
        style={
          Object {
            "flex": 1.5,
          }
        }
        testID={undefined}
        tvParallaxProperties={undefined}
      >
        <Text
          accessible={true}
          allowFontScaling={false}
          ellipsizeMode="tail"
          style={
            Array [
              Object {
                "color": undefined,
                "fontSize": 12,
              },
              Object {
                "bottom": 0,
                "color": "#3F51B5",
                "fontSize": 24,
                "left": 0,
                "position": "absolute",
                "right": 0,
                "textAlign": "center",
                "textAlignVertical": "center",
                "top": 0,
              },
              Object {
                "fontFamily": "Material Icons",
                "fontStyle": "normal",
                "fontWeight": "normal",
              },
            ]
          }
        >
          î¢¶
        </Text>
      </View>
    </View>
    <View
      style={
        Array [
          Object {
            "flex": 1,
          },
          Object {
            "display": "none",
          },
        ]
      }
    >
      <View
        style={
          Array [
            Object {
              "backgroundColor": "#C9C9CE",
              "borderBottomColor": "#b5b5b5",
              "borderBottomWidth": 0.5,
              "borderTopColor": "#7e7e7e",
              "borderTopWidth": 0.5,
              "flexDirection": "row",
              "height": 44,
            },
            Object {
              "width": "70%",
            },
          ]
        }
      >
        <TextInput
          allowFontScaling={true}
          autoFocus={false}
          clearButtonMode="while-editing"
          onChangeText={[Function]}
          onFocus={[Function]}
          placeholder="Enter Destination"
          placeholderTextColor="#A8A8A8"
          returnKeyType="default"
          style={
            Array [
              Object {
                "backgroundColor": "#FFFFFF",
                "borderRadius": 5,
                "flex": 1,
                "fontSize": 15,
                "height": 28,
                "marginLeft": 8,
                "marginRight": 8,
                "marginTop": 7.5,
                "paddingBottom": 4.5,
                "paddingLeft": 10,
                "paddingRight": 10,
                "paddingTop": 4.5,
              },
              undefined,
            ]
          }
          underlineColorAndroid="transparent"
          value=""
        />
      </View>
    </View>
  </View>
</View>
`;
